03-17 16:14:02.156  2227  2227 I PhoneStatusBar: setSystemUiVisibility vis=0 mask=1 oldVal=40000500 newVal=40000500 diff=0 fullscreenStackVis=0 dockedStackVis=0, fullscreenStackBounds=Rect(0, 0 - 0, 0), dockedStackBounds=Rect(0, 0 - 0, 0)
03-17 16:14:02.164  2227  2227 V PhoneStatusBar: setLightsOn(true)
03-17 16:14:02.164  2227  2227 I PhoneStatusBar: setSystemUiVisibility vis=0 mask=1 oldVal=40000500 newVal=40000500 diff=0 fullscreenStackVis=0 dockedStackVis=0, fullscreenStackBounds=Rect(0, 0 - 0, 0), dockedStackBounds=Rect(0, 0 - 0, 0)
03-17 16:14:02.181  2227  2227 V PhoneStatusBar: setLightsOn(true)
03-17 16:14:02.182  2227  2227 I PhoneStatusBar: setSystemUiVisibility vis=0 mask=1 oldVal=40000500 newVal=40000500 diff=0 fullscreenStackVis=0 dockedStackVis=0, fullscreenStackBounds=Rect(0, 0 - 0, 0), dockedStackBounds=Rect(0, 0 - 0, 0)
03-17 16:14:02.195  2227  2227 V PhoneStatusBar: setLightsOn(true)
03-17 16:14:02.195  2227  2227 I PhoneStatusBar: setSystemUiVisibility vis=0 mask=1 oldVal=40000500 newVal=40000500 diff=0 fullscreenStackVis=0 dockedStackVis=0, fullscreenStackBounds=Rect(0, 0 - 0, 0), dockedStackBounds=Rect(0, 0 - 0, 0)
03-17 16:14:02.213  2227  2227 V PhoneStatusBar: setLightsOn(true)
03-17 16:14:02.214  2227  2227 I PhoneStatusBar: setSystemUiVisibility vis=0 mask=1 oldVal=40000500 newVal=40000500 diff=0 fullscreenStackVis=0 dockedStackVis=0, fullscreenStackBounds=Rect(0, 0 - 0, 0), dockedStackBounds=Rect(0, 0 - 0, 0)
03-17 16:14:02.602  1702  2105 D PowerManagerService: userActivityNoUpdateLocked: eventTime=261867236, event=2, flags=0x0, uid=1000
03-17 16:14:02.603  1702  2105 D PowerManagerService: ready=true,policy=3,wakefulness=1,wksummary=0x0,uasummary=0x1,bootcompleted=true,boostinprogress=false,waitmodeenable=false,mode=false,manual=38,auto=-1,adj=0.0userId=0
03-17 16:14:02.765  2227  2227 V PhoneStatusBar: setLightsOn(true)
03-17 16:14:02.765  2227  2227 I PhoneStatusBar: setSystemUiVisibility vis=0 mask=1 oldVal=40000500 newVal=40000500 diff=0 fullscreenStackVis=0 dockedStackVis=0, fullscreenStackBounds=Rect(0, 0 - 0, 0), dockedStackBounds=Rect(0, 0 - 0, 0)
03-17 16:14:02.781  2227  2227 V PhoneStatusBar: setLightsOn(true)
03-17 16:14:02.781  2227  2227 I PhoneStatusBar: setSystemUiVisibility vis=0 mask=1 oldVal=40000500 newVal=40000500 diff=0 fullscreenStackVis=0 dockedStackVis=0, fullscreenStackBounds=Rect(0, 0 - 0, 0), dockedStackBounds=Rect(0, 0 - 0, 0)
03-17 16:14:02.818  2227  2227 V PhoneStatusBar: setLightsOn(true)
03-17 16:14:02.818  2227  2227 I PhoneStatusBar: setSystemUiVisibility vis=0 mask=1 oldVal=40000500 newVal=40000500 diff=0 fullscreenStackVis=0 dockedStackVis=0, fullscreenStackBounds=Rect(0, 0 - 0, 0), dockedStackBounds=Rect(0, 0 - 0, 0)
03-17 16:14:02.833  2227  2227 V PhoneStatusBar: setLightsOn(true)
03-17 16:14:02.834  2227  2227 I PhoneStatusBar: setSystemUiVisibility vis=0 mask=1 oldVal=40000500 newVal=40000500 diff=0 fullscreenStackVis=0 dockedStackVis=0, fullscreenStackBounds=Rect(0, 0 - 0, 0), dockedStackBounds=Rect(0, 0 - 0, 0)
03-17 16:14:02.913  2227  2227 V PhoneStatusBar: setLightsOn(true)
03-17 16:14:02.913  2227  2227 I PhoneStatusBar: setSystemUiVisibility vis=0 mask=1 oldVal=40000500 newVal=40000500 diff=0 fullscreenStackVis=0 dockedStackVis=0, fullscreenStackBounds=Rect(0, 0 - 0, 0), dockedStackBounds=Rect(0, 0 - 0, 0)
03-17 16:14:02.932  2227  2227 V PhoneStatusBar: setLightsOn(true)
03-17 16:14:02.933  2227  2227 I PhoneStatusBar: setSystemUiVisibility vis=0 mask=1 oldVal=40000500 newVal=40000500 diff=0 fullscreenStackVis=0 dockedStackVis=0, fullscreenStackBounds=Rect(0, 0 - 0, 0), dockedStackBounds=Rect(0, 0 - 0, 0)
03-17 16:14:03.115  2227  2227 V PhoneStatusBar: setLightsOn(true)
03-17 16:14:03.116  2227  2227 I PhoneStatusBar: setSystemUiVisibility vis=0 mask=1 oldVal=40000500 newVal=40000500 diff=0 fullscreenStackVis=0 dockedStackVis=0, fullscreenStackBounds=Rect(0, 0 - 0, 0), dockedStackBounds=Rect(0, 0 - 0, 0)
03-17 16:14:03.133  2227  2227 V PhoneStatusBar: setLightsOn(true)
03-17 16:14:03.134  2227  2227 I PhoneStatusBar: setSystemUiVisibility vis=0 mask=1 oldVal=40000500 newVal=40000500 diff=0 fullscreenStackVis=0 dockedStackVis=0, fullscreenStackBounds=Rect(0, 0 - 0, 0), dockedStackBounds=Rect(0, 0 - 0, 0)
03-17 16:14:03.219  1702  2105 D PowerManagerService: userActivityNoUpdateLocked: eventTime=261867854, event=2, flags=0x0, uid=1000
03-17 16:14:03.220  1702  2105 D PowerManagerService: ready=true,policy=3,wakefulness=1,wksummary=0x0,uasummary=0x1,bootcompleted=true,boostinprogress=false,waitmodeenable=false,mode=false,manual=38,auto=-1,adj=0.0userId=0
03-17 16:14:03.281  2227  2227 V PhoneStatusBar: setLightsOn(true)
03-17 16:14:03.281  2227  2227 I PhoneStatusBar: setSystemUiVisibility vis=0 mask=1 oldVal=40000500 newVal=40000500 diff=0 fullscreenStackVis=0 dockedStackVis=0, fullscreenStackBounds=Rect(0, 0 - 0, 0), dockedStackBounds=Rect(0, 0 - 0, 0)
03-17 16:14:03.294  1702  1820 I DisplayPowerController: HBM brightnessIn =38
03-17 16:14:03.294  1702  1820 I DisplayPowerController: HBM brightnessOut =38
03-17 16:14:03.294  1702  1820 D DisplayPowerController: Animating brightness: target=38, rate=200
03-17 16:14:03.306  2227  2227 V PhoneStatusBar: setLightsOn(true)
03-17 16:14:03.307  2227  2227 I PhoneStatusBar: setSystemUiVisibility vis=0 mask=1 oldVal=40000500 newVal=40000500 diff=0 fullscreenStackVis=0 dockedStackVis=0, fullscreenStackBounds=Rect(0, 0 - 0, 0), dockedStackBounds=Rect(0, 0 - 0, 0)
03-17 16:14:03.671  1702  2639 W ActivityManager: getRunningAppProcesses: caller 10091 does not hold REAL_GET_TASKS; limiting output
03-17 16:14:03.691  1702 27357 W ActivityManager: getRunningAppProcesses: caller 10091 does not hold REAL_GET_TASKS; limiting output
03-17 16:14:03.871  1702  2105 D PowerManagerService: userActivityNoUpdateLocked: eventTime=261868506, event=2, flags=0x0, uid=1000
03-17 16:14:03.872  1702  2105 D PowerManagerService: ready=true,policy=3,wakefulness=1,wksummary=0x0,uasummary=0x1,bootcompleted=true,boostinprogress=false,waitmodeenable=false,mode=false,manual=38,auto=-1,adj=0.0userId=0
03-17 16:14:04.010  2227  2227 V PhoneStatusBar: setLightsOn(true)
03-17 16:14:04.010  2227  2227 I PhoneStatusBar: setSystemUiVisibility vis=0 mask=1 oldVal=40000500 newVal=40000500 diff=0 fullscreenStackVis=0 dockedStackVis=0, fullscreenStackBounds=Rect(0, 0 - 0, 0), dockedStackBounds=Rect(0, 0 - 0, 0)
03-17 16:14:04.307 28601 28601 V AudioManager: playSoundEffect   effectType: 0
03-17 16:14:04.307 28601 28601 V AudioManager: querySoundEffectsEnabled...
03-17 16:14:04.310  1702 14638 W ActivityManager: getRunningAppProcesses: caller 10111 does not hold REAL_GET_TASKS; limiting output
03-17 16:14:04.319  1702  2555 I WindowManager: Destroying surface Surface(name=PopupWindow:9b04807) called by com.android.server.wm.WindowStateAnimator.destroySurface:2060 com.android.server.wm.WindowStateAnimator.destroySurfaceLocked:913 com.android.server.wm.WindowState.removeLocked:1554 com.android.server.wm.WindowManagerService.removeWindowInnerLocked:2739 com.android.server.wm.WindowManagerService.removeWindowInnerLocked:2702 com.android.server.wm.WindowManagerService.removeWindowLocked:2691 com.android.server.wm.WindowManagerService.removeWindowLocked:2560 com.android.server.wm.WindowManagerService.removeWindow:2555 
03-17 16:14:04.326  2227  2227 V PhoneStatusBar: setLightsOn(true)
03-17 16:14:04.327  2227  2227 I PhoneStatusBar: setSystemUiVisibility vis=0 mask=1 oldVal=40000500 newVal=40000500 diff=0 fullscreenStackVis=0 dockedStackVis=0, fullscreenStackBounds=Rect(0, 0 - 0, 0), dockedStackBounds=Rect(0, 0 - 0, 0)
03-17 16:14:04.356  1702  2618 W ActivityManager: getRunningAppProcesses: caller 10111 does not hold REAL_GET_TASKS; limiting output
03-17 16:14:04.360  1702  1736 I WindowManager: Destroying surface Surface(name=PopupWindow:317e46) called by com.android.server.wm.WindowStateAnimator.destroySurface:2060 com.android.server.wm.WindowStateAnimator.destroySurfaceLocked:913 com.android.server.wm.WindowState.removeLocked:1554 com.android.server.wm.WindowManagerService.removeWindowInnerLocked:2739 com.android.server.wm.WindowManagerService.removeWindowInnerLocked:2702 com.android.server.wm.WindowManagerService.removeWindowLocked:2691 com.android.server.wm.WindowManagerService.removeWindowLocked:2560 com.android.server.wm.WindowManagerService.removeWindow:2555 
03-17 16:14:04.364  2227  2227 V PhoneStatusBar: setLightsOn(true)
03-17 16:14:04.364  2227  2227 I PhoneStatusBar: setSystemUiVisibility vis=0 mask=1 oldVal=40000500 newVal=40000500 diff=0 fullscreenStackVis=0 dockedStackVis=0, fullscreenStackBounds=Rect(0, 0 - 0, 0), dockedStackBounds=Rect(0, 0 - 0, 0)
03-17 16:14:04.439  2227  2227 V PhoneStatusBar: setLightsOn(true)
03-17 16:14:04.439  2227  2227 I PhoneStatusBar: setSystemUiVisibility vis=0 mask=1 oldVal=40000500 newVal=40000500 diff=0 fullscreenStackVis=0 dockedStackVis=0, fullscreenStackBounds=Rect(0, 0 - 0, 0), dockedStackBounds=Rect(0, 0 - 0, 0)
03-17 16:14:04.450  2227  2227 V PhoneStatusBar: setLightsOn(true)
03-17 16:14:04.451  2227  2227 I PhoneStatusBar: setSystemUiVisibility vis=0 mask=1 oldVal=40000500 newVal=40000500 diff=0 fullscreenStackVis=0 dockedStackVis=0, fullscreenStackBounds=Rect(0, 0 - 0, 0), dockedStackBounds=Rect(0, 0 - 0, 0)
03-17 16:14:04.484  2227  2227 V PhoneStatusBar: setLightsOn(true)
03-17 16:14:04.484  2227  2227 I PhoneStatusBar: setSystemUiVisibility vis=0 mask=1 oldVal=40000500 newVal=40000500 diff=0 fullscreenStackVis=0 dockedStackVis=0, fullscreenStackBounds=Rect(0, 0 - 0, 0), dockedStackBounds=Rect(0, 0 - 0, 0)
03-17 16:14:04.504  2227  2227 V PhoneStatusBar: setLightsOn(true)
03-17 16:14:04.505  2227  2227 I PhoneStatusBar: setSystemUiVisibility vis=0 mask=1 oldVal=40000500 newVal=40000500 diff=0 fullscreenStackVis=0 dockedStackVis=0, fullscreenStackBounds=Rect(0, 0 - 0, 0), dockedStackBounds=Rect(0, 0 - 0, 0)
03-17 16:14:04.932  1702 27357 W ActivityManager: getTasks: caller 10111 does not hold REAL_GET_TASKS; limiting output
03-17 16:14:04.938  1702  3693 W ActivityManager: getTasks: caller 10111 does not hold REAL_GET_TASKS; limiting output
03-17 16:14:04.943  1702 17622 W ActivityManager: getTasks: caller 10111 does not hold REAL_GET_TASKS; limiting output
03-17 16:14:04.947  1702  3137 W ActivityManager: getTasks: caller 10111 does not hold REAL_GET_TASKS; limiting output
03-17 16:14:04.950  1702 14640 W ActivityManager: getTasks: caller 10111 does not hold REAL_GET_TASKS; limiting output
03-17 16:14:05.038  1702  8671 W ActivityManager: getRunningAppProcesses: caller 10111 does not hold REAL_GET_TASKS; limiting output
03-17 16:14:05.460  1702  2105 D PowerManagerService: userActivityNoUpdateLocked: eventTime=261870094, event=2, flags=0x0, uid=1000
03-17 16:14:05.461  1702  2105 D PowerManagerService: ready=true,policy=3,wakefulness=1,wksummary=0x0,uasummary=0x1,bootcompleted=true,boostinprogress=false,waitmodeenable=false,mode=false,manual=38,auto=-1,adj=0.0userId=0
03-17 16:14:05.557  2227  2227 V PhoneStatusBar: setLightsOn(true)
03-17 16:14:05.557  2227  2227 I PhoneStatusBar: setSystemUiVisibility vis=0 mask=1 oldVal=40000500 newVal=40000500 diff=0 fullscreenStackVis=0 dockedStackVis=0, fullscreenStackBounds=Rect(0, 0 - 0, 0), dockedStackBounds=Rect(0, 0 - 0, 0)
03-17 16:14:05.571  2227  2227 V PhoneStatusBar: setLightsOn(true)
03-17 16:14:05.572  2227  2227 I PhoneStatusBar: setSystemUiVisibility vis=0 mask=1 oldVal=40000500 newVal=40000500 diff=0 fullscreenStackVis=0 dockedStackVis=0, fullscreenStackBounds=Rect(0, 0 - 0, 0), dockedStackBounds=Rect(0, 0 - 0, 0)
03-17 16:14:05.616  2227  2227 V PhoneStatusBar: setLightsOn(true)
03-17 16:14:05.616  2227  2227 I PhoneStatusBar: setSystemUiVisibility vis=0 mask=1 oldVal=40000500 newVal=40000500 diff=0 fullscreenStackVis=0 dockedStackVis=0, fullscreenStackBounds=Rect(0, 0 - 0, 0), dockedStackBounds=Rect(0, 0 - 0, 0)
03-17 16:14:05.642  2227  2227 V PhoneStatusBar: setLightsOn(true)
03-17 16:14:05.643  2227  2227 I PhoneStatusBar: setSystemUiVisibility vis=0 mask=1 oldVal=40000500 newVal=40000500 diff=0 fullscreenStackVis=0 dockedStackVis=0, fullscreenStackBounds=Rect(0, 0 - 0, 0), dockedStackBounds=Rect(0, 0 - 0, 0)
03-17 16:14:05.705  2227  2227 V PhoneStatusBar: setLightsOn(true)
03-17 16:14:05.706  2227  2227 I PhoneStatusBar: setSystemUiVisibility vis=0 mask=1 oldVal=40000500 newVal=40000500 diff=0 fullscreenStackVis=0 dockedStackVis=0, fullscreenStackBounds=Rect(0, 0 - 0, 0), dockedStackBounds=Rect(0, 0 - 0, 0)
03-17 16:14:05.724  2227  2227 V PhoneStatusBar: setLightsOn(true)
03-17 16:14:05.724  2227  2227 I PhoneStatusBar: setSystemUiVisibility vis=0 mask=1 oldVal=40000500 newVal=40000500 diff=0 fullscreenStackVis=0 dockedStackVis=0, fullscreenStackBounds=Rect(0, 0 - 0, 0), dockedStackBounds=Rect(0, 0 - 0, 0)
03-17 16:14:05.848  2227  2227 V PhoneStatusBar: setLightsOn(true)
03-17 16:14:05.849  2227  2227 I PhoneStatusBar: setSystemUiVisibility vis=0 mask=1 oldVal=40000500 newVal=40000500 diff=0 fullscreenStackVis=0 dockedStackVis=0, fullscreenStackBounds=Rect(0, 0 - 0, 0), dockedStackBounds=Rect(0, 0 - 0, 0)
03-17 16:14:05.871  2227  2227 V PhoneStatusBar: setLightsOn(true)
03-17 16:14:05.872  2227  2227 I PhoneStatusBar: setSystemUiVisibility vis=0 mask=1 oldVal=40000500 newVal=40000500 diff=0 fullscreenStackVis=0 dockedStackVis=0, fullscreenStackBounds=Rect(0, 0 - 0, 0), dockedStackBounds=Rect(0, 0 - 0, 0)
03-17 16:14:05.956  2227  2227 V PhoneStatusBar: setLightsOn(true)
03-17 16:14:05.957  2227  2227 I PhoneStatusBar: setSystemUiVisibility vis=0 mask=1 oldVal=40000500 newVal=40000500 diff=0 fullscreenStackVis=0 dockedStackVis=0, fullscreenStackBounds=Rect(0, 0 - 0, 0), dockedStackBounds=Rect(0, 0 - 0, 0)
03-17 16:14:05.971  2227  2227 V PhoneStatusBar: setLightsOn(true)
03-17 16:14:05.972  2227  2227 I PhoneStatusBar: setSystemUiVisibility vis=0 mask=1 oldVal=40000500 newVal=40000500 diff=0 fullscreenStackVis=0 dockedStackVis=0, fullscreenStackBounds=Rect(0, 0 - 0, 0), dockedStackBounds=Rect(0, 0 - 0, 0)
03-17 16:14:05.979  1702  2105 D PowerManagerService: userActivityNoUpdateLocked: eventTime=261870612, event=2, flags=0x0, uid=1000
03-17 16:14:05.979  1702  2105 D PowerManagerService: ready=true,policy=3,wakefulness=1,wksummary=0x0,uasummary=0x1,bootcompleted=true,boostinprogress=false,waitmodeenable=false,mode=false,manual=38,auto=-1,adj=0.0userId=0
03-17 16:14:06.010  1702  1820 I DisplayPowerController: HBM brightnessIn =38
03-17 16:14:06.010  1702  1820 I DisplayPowerController: HBM brightnessOut =38
03-17 16:14:06.010  1702  1820 D DisplayPowerController: Animating brightness: target=38, rate=200
03-17 16:14:06.043  2227  2227 V PhoneStatusBar: setLightsOn(true)
03-17 16:14:06.044  2227  2227 I PhoneStatusBar: setSystemUiVisibility vis=0 mask=1 oldVal=40000500 newVal=40000500 diff=0 fullscreenStackVis=0 dockedStackVis=0, fullscreenStackBounds=Rect(0, 0 - 0, 0), dockedStackBounds=Rect(0, 0 - 0, 0)
03-17 16:14:06.057  2227  2227 V PhoneStatusBar: setLightsOn(true)
03-17 16:14:06.057  2227  2227 I PhoneStatusBar: setSystemUiVisibility vis=0 mask=1 oldVal=40000500 newVal=40000500 diff=0 fullscreenStackVis=0 dockedStackVis=0, fullscreenStackBounds=Rect(0, 0 - 0, 0), dockedStackBounds=Rect(0, 0 - 0, 0)
03-17 16:14:06.064  2227  2227 V PhoneStatusBar: setLightsOn(true)
03-17 16:14:06.065  2227  2227 I PhoneStatusBar: setSystemUiVisibility vis=0 mask=1 oldVal=40000500 newVal=40000500 diff=0 fullscreenStackVis=0 03-17 03-17 16:15:07.847  1702  8671 D PowerManagerService: ready=true,policy=3,wakefulness=1,wksummary=0x1,uasummary=0x1,bootcompleted=true,boostinprogress=false,waitmodeenable=false,mode=false,manual=38,auto=-1,adj=0.0userId=0
03-17 16:15:07.847  1702  8671 D PowerManagerService: Acquiring suspend blocker "PowerManagerService.WakeLocks".
03-17 16:15:07.853  1702  2395 D PowerManagerService: acquire lock=120758482, flags=0x1, tag="RILJ_ACK_WL", name=com.android.phone, ws=null, uid=1001, pid=2626
03-17 16:15:07.854  1702  2395 D PowerManagerService: ready=true,policy=3,wakefulness=1,wksummary=0x1,uasummary=0x1,bootcompleted=true,boostinprogress=false,waitmodeenable=false,mode=false,manual=38,auto=-1,adj=0.0userId=0
03-17 16:15:07.856  1702  3137 D PowerManagerService: ready=true,policy=3,wakefulness=1,wksummary=0x1,uasummary=0x1,bootcompleted=true,boostinprogress=false,waitmodeenable=false,mode=false,manual=38,auto=-1,adj=0.0userId=0
03-17 16:15:07.859  1702 17621 D PowerManagerService: ready=true,policy=3,wakefulness=1,wksummary=0x1,uasummary=0x1,bootcompleted=true,boostinprogress=false,waitmodeenable=false,mode=false,manual=38,auto=-1,adj=0.0userId=0
03-17 16:15:07.861  1702  1736 D PowerManagerService: ready=true,policy=3,wakefulness=1,wksummary=0x1,uasummary=0x1,bootcompleted=true,boostinprogress=false,waitmodeenable=false,mode=false,manual=38,auto=-1,adj=0.0userId=0
03-17 16:15:07.862  1702 27353 D PowerManagerService: ready=true,policy=3,wakefulness=1,wksummary=0x1,uasummary=0x1,bootcompleted=true,boostinprogress=false,waitmodeenable=false,mode=false,manual=38,auto=-1,adj=0.0userId=0
03-17 16:15:07.902  1702  2555 D PowerManagerService: ready=true,policy=3,wakefulness=1,wksummary=0x1,uasummary=0x1,bootcompleted=true,boostinprogress=false,waitmodeenable=false,mode=false,manual=38,auto=-1,adj=0.0userId=0
03-17 16:15:07.969  2626  2838 W PhoneInterfaceManager: shouldBlockLocation running ...
03-17 16:15:07.969  2626  2838 I PhoneInterfaceManager: shouldBlockLocation  ret:false
03-17 16:15:08.022  2626  2839 W PhoneInterfaceManager: shouldBlockLocation running ...
03-17 16:15:08.023  2626  2839 I PhoneInterfaceManager: shouldBlockLocation  ret:false
03-17 16:15:08.055  1702  3694 D PowerManagerService: release:lock=120758482, flg=0x0, tag="RILJ_ACK_WL", name=com.android.phone", ws=null, uid=1001, pid=2626
03-17 16:15:08.056  1702  3694 D PowerManagerService: ready=true,policy=3,wakefulness=1,wksummary=0x0,uasummary=0x1,bootcompleted=true,boostinprogress=false,waitmodeenable=false,mode=false,manual=38,auto=-1,adj=0.0userId=0
03-17 16:15:08.056  1702  3694 D PowerManagerService: Releasing suspend blocker "PowerManagerService.WakeLocks".
03-17 16:15:08.059  3664  3807 D TelephonyManager: getNeighboringCellInfo calling app is com.amap.android.ams
03-17 16:15:08.062  2626  2839 W PhoneInterfaceManager: shouldBlockLocation running ...
03-17 16:15:08.063  2626  2839 I PhoneInterfaceManager: shouldBlockLocation  ret:false
03-17 16:15:08.066  1702  2644 D PowerManagerService: ready=true,policy=3,wakefulness=1,wksummary=0x1,uasummary=0x1,bootcompleted=true,boostinprogress=false,waitmodeenable=false,mode=false,manual=38,auto=-1,adj=0.0userId=0
03-17 16:15:08.066  1702  2644 D PowerManagerService: Acquiring suspend blocker "PowerManagerService.WakeLocks".
03-17 16:15:08.076  1702  2633 D PowerManagerService: ready=true,policy=3,wakefulness=1,wksummary=0x0,uasummary=0x1,bootcompleted=true,boostinprogress=false,waitmodeenable=false,mode=false,manual=38,auto=-1,adj=0.0userId=0
03-17 16:15:08.076  1702  2633 D PowerManagerService: Releasing suspend blocker "PowerManagerService.WakeLocks".
03-17 16:15:08.080  2626  3848 W PhoneInterfaceManager: shouldBlockLocation running ...
03-17 16:15:08.080  2626  3848 I PhoneInterfaceManager: shouldBlockLocation  ret:false
03-17 16:15:08.089  2626  2838 W PhoneInterfaceManager: shouldBlockLocation running ...
03-17 16:15:08.089  2626  2838 I PhoneInterfaceManager: shouldBlockLocation  ret:false
03-17 16:15:11.325  1702  1820 I DisplayPowerController: HBM brightnessIn =38
03-17 16:15:11.325  1702  1820 I DisplayPowerController: HBM brightnessOut =38
03-17 16:15:11.325  1702  1820 D DisplayPowerController: Animating brightness: target=38, rate=200
03-17 16:15:15.843  1702  1820 I DisplayPowerController: HBM brightnessIn =38
03-17 16:15:15.844  1702  1820 I DisplayPowerController: HBM brightnessOut =38
03-17 16:15:15.844  1702  1820 D DisplayPowerController: Animating brightness: target=38, rate=200
03-17 16:15:18.834  1702 27357 W ActivityManager: getRunningAppProcesses: caller 10111 does not hold REAL_GET_TASKS; limiting output
03-17 16:15:18.856 28601 28601 V AudioManager: unregisterAudioFocusListener...
03-17 16:15:18.856 28601 28601 I AudioManager: abandonAudioFocus
03-17 16:15:18.859 28601 12278 I MediaPlayer: [HSM] stayAwake false uid: 10111, pid: 28601
03-17 16:15:18.866 28601 12278 I MediaPlayer: Pid:28601 MediaPlayer destructor
03-17 16:15:19.879  1702  2555 W ActivityManager: getRunningAppProcesses: caller 10111 does not hold REAL_GET_TASKS; limiting output
03-17 16:15:19.882  1702 17621 W ActivityManager: getRunningAppProcesses: caller 10111 does not hold REAL_GET_TASKS; limiting output
03-17 16:15:19.986  1702  3693 I DisplayManagerService: stopWifiDisplayScanLocked record.mWifiDisplayScanRequested=false
03-17 16:15:19.986  1702  3693 I DisplayManagerService: stopWifiDisplayScanLocked mWifiDisplayScanRequestCount=0
03-17 16:15:19.992  1702  2644 I ActivityManager: Process com.tencent.mobileqq:qzone (pid 12236) has died
03-17 16:15:19.992  1702  2644 D ActivityManager: cleanUpApplicationRecord -- 12236
03-17 16:15:19.993  1702  2644 W ActivityManager: Scheduling restart of crashed service com.tencent.mobileqq/cooperation.qzone.remote.logic.QzoneWebPluginProxyService in 1000ms
03-17 16:15:19.993  1702  2644 I ActivityManager: cleanUpApplicationRecordLocked, pid: 12236, restart: false
03-17 16:15:19.993  1702  2644 I ActivityManager: cleanUpApplicationRecordLocked, reset pid: 12236, euid: 0
03-17 16:15:20.000  1702 14638 W ActivityManager: getTasks: caller 10111 does not hold REAL_GET_TASKS; limiting output
03-17 16:15:20.118 23650 23685 V AudioManager: isMusicActive...
03-17 16:15:20.357  1702  1820 I DisplayPowerController: HBM brightnessIn =38
03-17 16:15:20.357  1702  1820 I DisplayPowerController: HBM brightnessOut =38
03-17 16:15:20.357  1702  1820 D DisplayPowerController: Animating brightness: target=38, rate=200
03-17 16:15:20.661  1702  1820 I DisplayPowerController: HBM brightnessIn =38
03-17 16:15:20.661  1702  1820 I DisplayPowerController: HBM brightnessOut =38
03-17 16:15:20.661  1702  1820 D DisplayPowerController: Animating brightness: target=38, rate=200
03-17 16:15:20.963  1702  1820 I DisplayPowerController: HBM brightnessIn =38
03-17 16:15:20.963  1702  1820 I DisplayPowerController: HBM brightnessOut =38
03-17 16:15:20.963  1702  1820 D DisplayPowerController: Animating brightness: target=38, rate=200
03-17 16:15:20.995  1702  1765 I ActivityManager: new Process app=ProcessRecord{6eaaf00 0:com.tencent.mobileqq:qzone/u0a111}, name: com.tencent.mobileqq:qzone, euid: 0
03-17 16:15:21.065  1702  1765 I ActivityManager: Start proc 13003:com.tencent.mobileqq:qzone/u0a111 for service com.tencent.mobileqq/cooperation.qzone.remote.logic.QzoneWebPluginProxyService
03-17 16:15:21.126  1702  2250 D ActivityManager: ActivityManagerService,attachApplication,callingPid = 13003
03-17 16:15:21.207  1702  8289 W ActivityManager: getRunningAppProcesses: caller 10111 does not hold REAL_GET_TASKS; limiting output
03-17 16:15:21.230  1702  2107 W ActivityManager: getRunningAppProcesses: caller 10111 does not hold REAL_GET_TASKS; limiting output
03-17 16:15:21.264  1702  1820 I DisplayPowerController: HBM brightnessIn =38
03-17 16:15:21.264  1702  1820 I DisplayPowerController: HBM brightnessOut =38
03-17 16:15:21.264  1702  1820 D DisplayPowerController: Animating brightness: target=38, rate=200
03-17 16:15:21.323  1702 14638 W ActivityManager: getRunningAppProcesses: caller 10111 does not hold REAL_GET_TASKS; limiting output
03-17 16:15:21.566  1702  1820 I DisplayPowerController: HBM brightnessIn =38
03-17 16:15:21.566  1702  1820 I DisplayPowerController: HBM brightnessOut =38
03-17 16:15:21.566  1702  1820 D DisplayPowerController: Animating brightness: target=38, rate=200
03-17 16:15:21.868  1702  8671 W ActivityManager: getRunningAppProcesses: caller 10113 does not hold REAL_GET_TASKS; limiting output
03-17 16:15:22.067  1702  8303 W ActivityManager: getRunningAppProcesses: caller 10111 does not hold REAL_GET_TASKS; limiting output
03-17 16:15:22.073  1702  2395 W ActivityManager: getRunningAppProcesses: caller 10111 does not hold REAL_GET_TASKS; limiting output
03-17 16:15:22.122  1702 10454 W ActivityManager: getRunningAppProcesses: caller 10111 does not hold REAL_GET_TASKS; limiting output
03-17 16:15:22.136  1702  3693 W ActivityManager: getRunningAppProcesses: caller 10111 does not hold REAL_GET_TASKS; limiting output
03-17 16:15:22.149  1702  1736 W ActivityManager: getRunningAppProcesses: caller 10111 does not hold REAL_GET_TASKS; limiting output
03-17 16:15:22.152  1702 27353 W ActivityManager: getRunningAppProcesses: caller 10111 does not hold REAL_GET_TASKS; limiting output
03-17 16:15:22.154  1702  2113 W ActivityManager: getRunningAppProcesses: caller 10111 does not hold REAL_GET_TASKS; limiting output
03-17 16:15:22.176  1702  3693 W ActivityManager: getRunningAppProcesses: caller 10111 does not hold REAL_GET_TASKS; limiting output
03-17 16:15:22.259  1702  8289 W ActivityManager: getRunningAppProcesses: caller 10111 does not hold REAL_GET_TASKS; limiting output
03-17 16:15:22.425  1702  3137 W ActivityManager: getRunningAppProcesses: caller 10111 does not hold REAL_GET_TASKS; limiting output
03-17 16:15:22.517  1702 17630 W ActivityManager: getRunningAppProcesses: caller 10111 does not hold REAL_GET_TASKS; limiting output
03-17 16:15:23.375  1702  3694 W ActivityManager: getRunningAppProcesses: caller 10113 does not hold REAL_GET_TASKS; limiting output
03-17 16:15:24.642  1702 27353 W ActivityManager: getRunningAppProcesses: caller 10113 does not hold REAL_GET_TASKS; limiting output
03-17 16:15:26.619  1702 17630 D PowerManagerService: ready=true,policy=3,wakefulness=1,wksummary=0x0,uasummary=0x1,bootcompleted=true,boostinprogress=false,waitmodeenable=false,mode=false,manual=38,auto=-1,adj=0.0userId=0
03-17 16:15:26.619  1702 17630 D PowerManagerService: Releasing suspend blocker "PowerManagerService.WakeLocks".
03-17 16:15:26.698  2626  3848 W PhoneInterfaceManager: shouldBlockLocation running ...
03-17 16:15:26.698  2626  3848 I PhoneInterfaceManager: shouldBlockLocation  ret:false
03-17 16:15:26.746  1702 17632 W ActivityManager: getRunningAppProcesses: caller 10027 does not hold REAL_GET_TASKS; limiting output
03-17 16:15:26.888  1702  1737 W ActivityManager: getTasks: caller 10111 does not hold REAL_GET_TASKS; limiting output
03-17 16:15:26.889  1702  2644 D ActivityManager: ActivityManagerService,attachApplication,callingPid = 13094
03-17 16:15:26.900  1702 14638 W ActivityManager: getTasks: caller 10111 does not hold REAL_GET_TASKS; limiting output
03-17 16:15:26.920  2626  2839 W PhoneInterfaceManager: shouldBlockLocation running ...
03-17 16:15:26.920  2626  2839 I PhoneInterfaceManager: shouldBlockLocation  ret:false
03-17 16:15:26.946  1702  2558 I WindowManager: Destroying surface Surface(name=com.tencent.mobileqq/com.tencent.mobileqq.activity.SplashActivity) called by com.android.server.wm.WindowStateAnimator.destroySurface:2060 com.android.server.wm.WindowStateAnimator.destroySurfaceLocked:913 com.android.server.wm.WindowState.destroyOrSaveSurface:2201 com.android.server.wm.AppWindowToken.destroySurfaces:374 com.android.server.wm.AppWindowToken.notifyAppStopped:400 com.android.server.wm.WindowManagerService.notifyAppStopped:4869 com.android.server.am.ActivityStack.activityStoppedLocked:1393 com.android.server.am.ActivityManagerService.activityStopped:7690 
03-17 16:15:26.979  1702  2250 W ActivityManager: getRunningAppProcesses: caller 10111 does not hold REAL_GET_TASKS; limiting output
03-17 16:15:27.005  1702  2556 W ActivityManager: getRunningAppProcesses: caller 10027 does not hold REAL_GET_TASKS; limiting output
03-17 16:15:27.025  1702  1737 W ActivityManager: getRunningAppProcesses: caller 10027 does not hold REAL_GET_TASKS; limiting output
03-17 16:15:27.039  1702  2395 W ActivityManager: getRunningAppProcesses: caller 10027 does not hold REAL_GET_TASKS; limiting output
03-17 16:15:27.175  2626  2809 W PhoneInterfaceManager: shouldBlockLocation running ...
03-17 16:15:27.175  2626  2809 I PhoneInterfaceManager: shouldBlockLocation  ret:false
03-17 16:15:27.179  1702  3137 D PowerManagerService: ready=true,policy=3,wakefulness=1,wksummary=0x1,uasummary=0x1,bootcompleted=true,boostinprogress=false,waitmodeenable=false,mode=false,manual=38,auto=-1,adj=0.0userId=0
03-17 16:15:27.179  1702  3137 D PowerManagerService: Acquiring suspend blocker "PowerManagerService.WakeLocks".
03-17 16:15:27.188  1702 17630 D PowerManagerService: ready=true,policy=3,wakefulness=1,wksummary=0x0,uasummary=0x1,bootcompleted=true,boostinprogress=false,waitmodeenable=false,mode=false,manual=38,auto=-1,adj=0.0userId=0
03-17 16:15:27.188  1702 17630 D PowerManagerService: Releasing suspend blocker "PowerManagerService.WakeLocks".
03-17 16:15:27.189  1702  3693 D PowerManagerService: ready=true,policy=3,wakefulness=1,wksummary=0x1,uasummary=0x1,bootcompleted=true,boostinprogress=false,waitmodeenable=false,mode=false,manual=38,auto=-1,adj=0.0userId=0
03-17 16:15:27.190  1702  3693 D PowerManagerService: Acquiring suspend blocker "PowerManagerService.WakeLocks".
03-17 16:15:27.198  1702 17632 D PowerManagerService: ready=true,policy=3,wakefulness=1,wksummary=0x0,uasummary=0x1,bootcompleted=true,boostinprogress=false,waitmodeenable=false,mode=false,manual=38,auto=-1,adj=0.0userId=0
03-17 16:15:27.198  1702 17632 D PowerManagerService: Releasing suspend blocker "PowerManagerService.WakeLocks".
03-17 16:15:27.236  2626  2838 W PhoneInterfaceManager: shouldBlockLocation running ...
03-17 16:15:27.237  2626  2838 I PhoneInterfaceManager: shouldBlockLocation  ret:false
03-17 16:15:27.269  1702  1737 W ActivityManager: getRunningAppProcesses: caller 10027 does not hold REAL_GET_TASKS; limiting output
03-17 16:15:27.270  1702  2558 W ActivityManager: getRunningAppProcesses: caller 10027 does not hold REAL_GET_TASKS; limiting output
03-17 16:15:27.283  2626  8682 W PhoneInterfaceManager: shouldBlockLocation running ...
03-17 16:15:27.284  2626  8682 I PhoneInterfaceManager: shouldBlockLocation  ret:false
03-17 16:15:27.305  2626  2808 W PhoneInterfaceManager: shouldBlockLocation running ...
03-17 16:15:27.305  2626  2808 I PhoneInterfaceManager: shouldBlockLocation  ret:false
03-17 16:15:27.628  1702  2107 W ActivityManager: getRunningAppProcesses: caller 10027 does not hold REAL_GET_TASKS; limiting output
03-17 16:15:27.828  1702  2107 I DisplayManagerService: stopWifiDisplayScanLocked record.mWifiDisplayScanRequested=false
03-17 16:15:27.828  1702  2107 I DisplayManagerService: stopWifiDisplayScanLocked mWifiDisplayScanRequestCount=0
03-17 16:15:27.829  1702 27365 D ActivityManager: cleanUpApplicationRecord -- 13094
03-17 16:15:27.830  1702 27365 I ActivityManager: cleanUpApplicationRecordLocked, pid: 13094, restart: false
03-17 16:15:27.830  1702 27365 I ActivityManager: cleanUpApplicationRecordLocked, reset pid: 13094, euid: 0
03-17 16:15:28.099  2626  8682 W PhoneInterfaceManager: shouldBlockLocation running ...
03-17 16:15:28.100  2626  8682 I PhoneInterfaceManager: shouldBlockLocation  ret:false
03-17 16:15:28.488  1702  1820 I DisplayPowerController: HBM brightnessIn =38
03-17 16:15:28.489  1702  1820 I DisplayPowerController: HBM brightnessOut =38
03-17 16:15:28.489  1702  1820 D DisplayPowerController: Animating brightness: target=38, rate=200
03-17 16:15:28.790  1702  1820 I DisplayPowerController: HBM brightnessIn =38
03-17 16:15:28.790  1702  1820 I DisplayPowerController: HBM brightnessOut =38
03-17 16:15:28.790  1702  1820 D DisplayPowerController: Animating brightness: target=38, rate=200
03-17 16:15:29.091  1702  1820 I DisplayPowerController: HBM brightnessIn =38
03-17 16:15:29.091  1702  1820 I DisplayPowerController: HBM brightnessOut =38
03-17 16:15:29.091  1702  1820 D DisplayPowerController: Animating brightness: target=38, rate=200
03-17 16:15:29.173  2626  2643 W PhoneInterfaceManager: shouldBlockLocation running ...
03-17 16:15:29.173  2626  2643 I PhoneInterfaceManager: shouldBlockLocation  ret:false
03-17 16:15:29.392  1702  1820 I DisplayPowerController: HBM brightnessIn =38
03-17 16:15:29.392  1702  1820 I DisplayPowerController: HBM brightnessOut =38
03-17 16:15:29.392  1702  1820 D DisplayPowerController: Animating brightness: target=38, rate=200
03-17 16:15:29.694  1702  1820 I DisplayPowerController: HBM brightnessIn =38
03-17 16:15:29.694  1702  1820 I DisplayPowerController: HBM brightnessOut =38
03-17 16:15:29.694  1702  1820 D DisplayPowerController: Animating brightness: target=38, rate=200
03-17 16:15:29.995  1702  1820 I DisplayPowerController: HBM brightnessIn =38
03-17 16:15:29.995  1702  1820 I DisplayPowerController: HBM brightnessOut =38
03-17 16:15:29.995  1702  1820 D DisplayPowerController: Animating brightness: target=38, rate=200
03-17 16:15:30.026  1702  3694 W ActivityManager: getTasks: caller 10111 does not hold REAL_GET_TASKS; limiting output
03-17 16:15:30.297  1702  1820 I DisplayPowerController: HBM brightnessIn =38
03-17 16:15:30.297  1702  1820 I DisplayPowerController: HBM brightnessOut =38
03-17 16:15:30.297  1702  1820 D DisplayPowerController: Animating brightness: target=38, rate=200
03-17 16:15:30.599  1702  1820 I DisplayPowerController: HBM brightnessIn =38
03-17 16:15:30.599  1702  1820 I DisplayPowerController: HBM brightnessOut =38
03-17 16:15:30.599  1702  1820 D DisplayPowerController: Animating brightness: target=38, rate=200
03-17 16:15:30.902  1702  1820 I DisplayPowerController: HBM brightnessIn =38
03-17 16:15:30.903  1702  1820 I DisplayPowerController: HBM brightnessOut =38
03-17 16:15:30.903  1702  1820 D DisplayPowerController: Animating brightness: target=38, rate=200
03-17 16:15:31.202  1702  1820 I DisplayPowerController: HBM brightnessIn =38
03-17 16:15:31.202  1702  1820 I DisplayPowerController: HBM brightnessOut =38
03-17 16:15:45.342  1702  1820 I DisplayPowerController: HBM brightnessIn =38
03-17 16:15:45.342  1702  1820 I DisplayPowerController: HBM brightnessOut =38
03-17 16:15:45.342  1702  1820 D DisplayPowerController: Animating brightness: target=38, rate=200
03-17 16:15:45.944  1702  1820 I DisplayPowerController: HBM brightnessIn =38
03-17 16:15:45.944  1702  1820 I DisplayPowerController: HBM brightnessOut =38
03-17 16:15:45.944  1702  1820 D DisplayPowerController: Animating brightness: target=38, rate=200
03-17 16:15:46.246  1702  1820 I DisplayPowerController: HBM brightnessIn =38
03-17 16:15:46.246  1702  1820 I DisplayPowerController: HBM brightnessOut =38
03-17 16:15:46.246  1702  1820 D DisplayPowerController: Animating brightness: target=38, rate=200
03-17 16:15:46.332  1702  2105 D PowerManagerService: userActivityNoUpdateLocked: eventTime=261970966, event=2, flags=0x0, uid=1000
03-17 16:15:46.333  1702  2105 D PowerManagerService: ready=true,policy=3,wakefulness=1,wksummary=0x0,uasummary=0x1,bootcompleted=true,boostinprogress=false,waitmodeenable=false,mode=false,manual=38,auto=-1,adj=0.0userId=0
03-17 16:15:46.398 19609 19609 V AudioManager: playSoundEffect   effectType: 0
03-17 16:15:46.398 19609 19609 V AudioManager: querySoundEffectsEnabled...
03-17 16:15:46.546  1702  2113 I WindowManager: Destroying surface Surface(name=PopupWindow:317e46) called by com.android.server.wm.WindowStateAnimator.destroySurface:2060 com.android.server.wm.WindowStateAnimator.destroySurfaceLocked:913 com.android.server.wm.WindowState.removeLocked:1554 com.android.server.wm.WindowManagerService.removeWindowInnerLocked:2739 com.android.server.wm.WindowManagerService.removeWindowInnerLocked:2702 com.android.server.wm.WindowManagerService.removeWindowLocked:2691 com.android.server.wm.WindowManagerService.removeWindowLocked:2560 com.android.server.wm.WindowManagerService.removeWindow:2555 
03-17 16:15:46.770  1702  2558 D ActivityManager: ActivityManagerService,attachApplication,callingPid = 13175
03-17 16:15:46.914  1702  1815 I WindowManager: Destroying surface Surface(name=InputMethod) called by com.android.server.wm.WindowStateAnimator.destroySurface:2060 com.android.server.wm.WindowStateAnimator.destroySurfaceLocked:913 com.android.server.wm.WindowState.destroyOrSaveSurface:2201 com.android.server.wm.WindowSurfacePlacer.performSurfacePlacementInner:517 com.android.server.wm.WindowSurfacePlacer.performSurfacePlacementLoop:291 com.android.server.wm.WindowSurfacePlacer.performSurfacePlacement:233 com.android.server.wm.WindowManagerService$H.handleMessage:8670 android.os.Handler.dispatchMessage:105 
03-17 16:15:48.426  1702 17630 W ActivityManager: getTasks: caller 10020 does not hold REAL_GET_TASKS; limiting output
03-17 16:15:48.432  1702 14638 W ActivityManager: getTasks: caller 10020 does not hold REAL_GET_TASKS; limiting output
03-17 16:15:48.612  7111  7111 V AudioManager: getRingerMode...
03-17 16:15:48.654  1702  2105 D PowerManagerService: userActivityNoUpdateLocked: eventTime=261973289, event=2, flags=0x0, uid=1000
03-17 16:15:48.655  2227  2227 I PhoneStatusBar: suspendAutohide
03-17 16:15:48.655  1702  2105 D PowerManagerService: ready=true,policy=3,wakefulness=1,wksummary=0x0,uasummary=0x1,bootcompleted=true,boostinprogress=false,waitmodeenable=false,mode=false,manual=38,auto=-1,adj=0.0userId=0
03-17 16:15:48.659  1702  3694 D WindowManager: interceptKeyTq keycode=3 interactive=true keyguardActive=false policyFlags=2b000002 down true canceled false
03-17 16:15:48.659  1702  3694 D WindowManager: interceptKeyBeforeQueueing: key 3 , result : 1
03-17 16:15:48.660  1702  2105 D PowerManagerService: userActivityNoUpdateLocked: eventTime=261973293, event=1, flags=0x0, uid=1000
03-17 16:15:48.660  1702  2105 D PowerManagerService: ready=true,policy=3,wakefulness=1,wksummary=0x0,uasummary=0x1,bootcompleted=true,boostinprogress=false,waitmodeenable=false,mode=false,manual=38,auto=-1,adj=0.0userId=0
03-17 16:15:48.689  2227  2227 I PhoneStatusBar: resumeSuspendedAutohide
03-17 16:15:48.691  1702  2618 D PowerManagerService: userActivityNoUpdateLocked: eventTime=261973328, event=0, flags=0x0, uid=1000
03-17 16:15:48.692  1702  2618 D PowerManagerService: ready=true,policy=3,wakefulness=1,wksummary=0x0,uasummary=0x1,bootcompleted=true,boostinprogress=false,waitmodeenable=false,mode=false,manual=38,auto=-1,adj=0.0userId=0
03-17 16:15:48.694  1702  3693 D WindowManager: interceptKeyTq keycode=3 interactive=true keyguardActive=false policyFlags=2b000002 down false canceled false
03-17 16:15:48.694  1702  3693 D WindowManager: interceptKeyBeforeQueueing: key 3 , result : 1
03-17 16:15:48.698  2227  2318 V AudioManager: querySoundEffectsEnabled...
03-17 16:15:48.715  1702  2105 D PowerManagerService: userActivityNoUpdateLocked: eventTime=261973352, event=0, flags=0x0, uid=1000
03-17 16:15:48.716  1702  2105 D PowerManagerService: ready=true,policy=3,wakefulness=1,wksummary=0x0,uasummary=0x1,bootcompleted=true,boostinprogress=false,waitmodeenable=false,mode=false,manual=38,auto=-1,adj=0.0userId=0
03-17 16:15:48.718  2227  2227 I PhoneStatusBar: animateCollapsePanels:flags=0, force=false, delayed=false, mExpandedVisible=false
03-17 16:15:48.718  2227  2227 I PanelView: closeQs
03-17 16:15:48.719  2227  2227 I PanelView: cancelPeek: false
03-17 16:15:48.719  2227  2227 I PanelView: instantCollapse
03-17 16:15:48.719  2227  2227 I PanelView: cancelPeek: false
03-17 16:15:49.204  1702  2105 D PowerManagerService: userActivityNoUpdateLocked: eventTime=261973840, event=2, flags=0x0, uid=1000
03-17 16:15:49.205  1702  2105 D PowerManagerService: ready=true,policy=3,wakefulness=1,wksummary=0x0,uasummary=0x1,bootcompleted=true,boostinprogress=false,waitmodeenable=false,mode=false,manual=38,auto=-1,adj=0.0userId=0
03-17 16:15:49.206  3714  3714 V AudioManager: playSoundEffect   effectType: 0
03-17 16:15:49.206  3714  3714 V AudioManager: querySoundEffectsEnabled...
03-17 16:15:49.209  1702  2250 I ActivityManager: START u0 {act=android.intent.action.MAIN cat=[android.intent.category.LAUNCHER] flg=0x10200000 cmp=com.tencent.mobileqq/.activity.SplashActivity bnds=[360,820][536,1011]} from uid 10057 on display 0
03-17 16:15:49.210  1702  2250 I ActivityManager: ActivityRecord info: ActivityInfo{71e60ba com.tencent.mobileqq.activity.SplashActivity}, euid: 0
03-17 16:15:49.228  1702  2250 D PowerManagerService: acquire lock=189667585, flags=0x1, tag="*launch*", name=android, ws=WorkSource{10111}, uid=1000, pid=1702
03-17 16:15:49.228  1702  2250 D PowerManagerService: ready=true,policy=3,wakefulness=1,wksummary=0x1,uasummary=0x1,bootcompleted=true,boostinprogress=false,waitmodeenable=false,mode=false,manual=38,auto=-1,adj=0.0userId=0
03-17 16:15:49.228  1702  2250 D PowerManagerService: Acquiring suspend blocker "PowerManagerService.WakeLocks".
03-17 16:15:49.436  1702  3694 I WindowManager: The change in focus caused us to need to do a layout begin
03-17 16:15:49.436  1702  3694 I WindowManager: The change in focus caused us to need to do a layout end
03-17 16:15:49.450  2227  2227 I StackScrollAlgorithm: updateClipping isOverlap:false, getTopPadding=333.0, Translation=-24.0
03-17 16:15:49.450  2227  2227 I StackScrollAlgorithm: updateDimmedActivatedHideSensitive overlap:false
03-17 16:15:49.462  2227  2227 I PhoneStatusBar: setSystemUiVisibility vis=80000508 mask=ffffffff oldVal=c0000700 newVal=80000508 diff=40000208 fullscreenStackVis=0 dockedStackVis=0, fullscreenStackBounds=Rect(0, 0 - 720, 1280), dockedStackBounds=Rect(0, 0 - 0, 0)
03-17 16:15:49.465  2227  2227 I PhoneStatusBar: cancelAutohide
03-17 16:15:49.465  2227  2227 I PhoneStatusBar: notifyUiVisibilityChanged:vis=0x80000508, SystemUiVisibility=0x80000508
03-17 16:15:49.472  2227  2227 V PhoneStatusBar: setLightsOn(true)
03-17 16:15:49.472  2227  2227 I PhoneStatusBar: setSystemUiVisibility vis=0 mask=1 oldVal=80000508 newVal=80000508 diff=0 fullscreenStackVis=0 dockedStackVis=0, fullscreenStackBounds=Rect(0, 0 - 0, 0), dockedStackBounds=Rect(0, 0 - 0, 0)
03-17 16:15:49.497  1702  2633 D ActivityManager: Skipping, withExcluded: false, tr.intent:Intent { flg=0x10804000 cmp=com.android.systemui/.recents.RecentsActivity bnds=[264,444][920,908] }
03-17 16:15:49.497  1702  2633 D ActivityManager: Skipping, withExcluded: false, tr.intent:Intent { act=android.intent.action.MAIN flg=0x10840000 cmp=com.android.incallui/.InCallActivity (has extras) }
03-17 16:15:49.497  1702  2633 D ActivityManager: Skipping, withExcluded: false, tr.intent:Intent { flg=0x18800000 cmp=com.tencent.mm/.plugin.base.stub.WXEntryActivity (has extras) }
03-17 16:15:49.497  1702  2633 D ActivityManager: Skipping, withExcluded: false, tr.intent:Intent { flg=0x10800000 cmp=com.tencent.qqmusic/.business.lockscreen.LockScreenActivity (has extras) }
03-17 16:15:49.498  1702  2633 D ActivityManager: Skipping, withExcluded: false, tr.intent:Intent { act=com.android.contacts.action.CHOOSE_SUB dat=tel:xxxxxxxxxxx flg=0x10808000 cmp=com.android.contacts/.ChooseSubActivity (has extras) }
03-17 16:15:49.498  1702  2633 D ActivityManager: Skipping, withExcluded: false, tr.intent:Intent { act=android.intent.action.VIEW dat=file:///storage/emulated/0/Tencent/QQfile_recv/b.apk typ=application/vnd.android.package-archive flg=0x10800000 cmp=com.android.packageinstaller/.PackageInstallerActivity (has extras) }
03-17 16:15:49.498  1702  2633 D ActivityManager: getRecentTasks: num=20,flags=62,totalTasks=46
03-17 16:15:49.498  1702  2633 D ActivityManager: getRecentTasks: topActivity=ComponentInfo{com.tencent.mobileqq/com.tencent.mobileqq.activity.SplashActivity}
03-17 16:15:49.507  1702 17621 D ActivityManager: Skipping, withExcluded: false, tr.intent:Intent { flg=0x10804000 cmp=com.android.systemui/.recents.RecentsActivity bnds=[264,444][920,908] }
03-17 16:15:49.507  1702 17621 D ActivityManager: Skipping, withExcluded: false, tr.intent:Intent { act=android.intent.action.MAIN flg=0x10840000 cmp=com.android.incallui/.InCallActivity (has extras) }
03-17 16:15:49.507  1702 17621 D ActivityManager: Skipping, withExcluded: false, tr.intent:Intent { flg=0x18800000 cmp=com.tencent.mm/.plugin.base.stub.WXEntryActivity (has extras) }
03-17 16:15:49.508  1702 17621 D ActivityManager: getRecentTasks: num=10,flags=62,totalTasks=46
03-17 16:15:49.508  1702 17621 D ActivityManager: getRecentTasks: topActivity=ComponentInfo{com.tencent.mobileqq/com.tencent.mobileqq.activity.SplashActivity}
03-17 16:15:49.524  2227  2227 V PhoneStatusBar: setLightsOn(true)
03-17 16:15:49.525  2227  2227 I PhoneStatusBar: setSystemUiVisibility vis=0 mask=1 oldVal=80000508 newVal=80000508 diff=0 fullscreenStackVis=0 dockedStackVis=0, fullscreenStackBounds=Rect(0, 0 - 0, 0), dockedStackBounds=Rect(0, 0 - 0, 0)
03-17 16:15:49.525  1702 27353 I NotificationManager: cancelNotificationWithTag pid 28601,uid = 10111,tag = null,pkg =com.tencent.mobileqq,id =121
03-17 16:15:49.527  1702  1702 I NotificationManager: cancelNotification,index:0
03-17 16:15:49.527  1702  1702 I NotificationManager: cancelNotification,cancelNotificationLocked,callingUid = 10111,callingPid = 28601
03-17 16:15:49.527  1702  1702 I NotificationManager: cancelNotificationLocked called,tell the app,reason = 8
03-17 16:15:49.528  1702  1702 I NotificationManager: cancelNotificationLocked:0|com.tencent.mobileqq|121|null|10111
03-17 16:15:49.528  1702  2250 I NotificationManager: cancelNotificationWithTag pid 28601,uid = 10111,tag = null,pkg =com.tencent.mobileqq,id =119
03-17 16:15:49.528  1702  1702 I NotificationManager: cancelNotificationLocked,remove =com.tencent.mobileqq
03-17 16:15:49.529  1702  2555 I NotificationManager: cancelNotificationWithTag pid 28601,uid = 10111,tag = null,pkg =com.tencent.mobileqq,id =122
03-17 16:15:49.529  1702  1702 I NotificationManager: updateLightsLocked,mInCall =false,mScreenOn = true,ledNotification == null?true
03-17 16:15:49.529  1702  1702 I NotificationManager: updateLightsLocked,turn off notificationLight
03-17 16:15:49.535  1702  1702 I NotificationManager: cancelNotification,index:-1
03-17 16:15:49.536  1702  1702 I NotificationManager: cancelNotification,index:-1
03-17 16:15:49.537  2227  2227 I PhoneStatusBar: setSystemUiVisibility vis=40000500 mask=ffffffff oldVal=80000508 newVal=40000500 diff=c0000008 fullscreenStackVis=0 dockedStackVis=0, fullscreenStackBounds=Rect(0, 0 - 720, 1280), dockedStackBounds=Rect(0, 0 - 0, 0)
03-17 16:15:49.539  2227  2227 I PhoneStatusBar: cancelAutohide
03-17 16:15:49.539  2227  2227 I PhoneStatusBar: notifyUiVisibilityChanged:vis=0x40000500, SystemUiVisibility=0x40000500
03-17 16:15:49.542  1702  2639 I NotificationManager: cancelNotificationWithTag pid 28601,uid = 10111,tag = null,pkg =com.tencent.mobileqq,id =123
03-17 16:15:49.545  1702 14638 I NotificationManager: cancelNotificationWithTag pid 28601,uid = 10111,tag = null,pkg =com.tencent.mobileqq,id =129
03-17 16:15:49.552  1702  1702 I NotificationManager: cancelNotification,index:-1
03-17 16:15:49.552  1702  1702 I NotificationManager: cancelNotification,index:-1
03-17 16:15:49.554  1702  2113 I NotificationManager: cancelNotificationWithTag pid 28601,uid = 10111,tag = null,pkg =com.tencent.mobileqq,id =135
03-17 16:15:49.555  1702  1702 I NotificationManager: cancelNotification,index:-1
03-17 16:15:49.559  1702 17621 I NotificationManager: cancelNotificationWithTag pid 28601,uid = 10111,tag = null,pkg =com.tencent.mobileqq,id =140
03-17 16:15:49.560  1702  1702 I NotificationManager: cancelNotification,index:-1
03-17 16:15:49.562  2626  2808 W PhoneInterfaceManager: shouldBlockLocation running ...
03-17 16:15:49.562  2227  2227 V PhoneStatusBar: setLightsOn(true)
03-17 16:15:49.563  2227  2227 I PhoneStatusBar: setSystemUiVisibility vis=0 mask=1 oldVal=40000500 newVal=40000500 diff=0 fullscreenStackVis=0 dockedStackVis=0, fullscreenStackBounds=Rect(0, 0 - 0, 0), dockedStackBounds=Rect(0, 0 - 0, 0)
03-17 16:15:49.564  2227  2227 I PhoneStatusBar: removeNotification:0|com.tencent.mobileqq|121|null|10111
03-17 16:15:49.564  2227  2227 I PhoneStatusBar: updateNotificationShade: total=0, active=0
03-17 16:15:49.566  1702 10454 I NotificationManager: cancelNotificationWithTag pid 28601,uid = 10111,tag = null,pkg =com.tencent.mobileqq,id =144
03-17 16:15:49.567  1702  1702 I NotificationManager: cancelNotification,index:-1
03-17 16:15:49.568  2227  2227 I PhoneStatusBar: removeNotificationChildren
03-17 16:15:49.568  2227  2227 I PhoneStatusBar: animateCollapsePanels:flags=0, force=false, delayed=false, mExpandedVisible=false
03-17 16:15:49.569  2227  2227 I PanelView: closeQs
03-17 16:15:49.572  2227  2227 I PanelView: cancelPeek: false
03-17 16:15:49.573  2227  2227 I PanelView: instantCollapse
03-17 16:15:49.573  2227  2227 I PanelView: cancelPeek: false
03-17 16:15:49.576  1702  2618 D PowerManagerService: release:lock=189667585, flg=0x0, tag="*launch*", name=android", ws=WorkSource{10111}, uid=1000, pid=1702
03-17 16:15:51.359  1702  1820 I DisplayPowerController: HBM brightnessIn =38
03-17 16:15:51.359  1702  1820 I DisplayPowerController: HBM brightnessOut =38
03-17 16:15:51.659  1702  1820 I DisplayPowerController: HBM brightnessIn =38
03-17 16:15:51.659  1702  1820 I DisplayPowerController: HBM brightnessOut =38
03-17 16:15:51.659  1702  1820 D DisplayPowerController: Animating brightness: target=38, rate=200
03-17 16:16:07.635  1702  1820 I DisplayPowerController: HBM brightnessIn =38
03-17 16:16:07.635  1702  1820 I DisplayPowerController: HBM brightnessOut =38
03-17 16:16:07.635  1702  1820 D DisplayPowerController: Animating brightness: target=38, rate=200
03-17 16:16:07.936  1702  1820 I DisplayPowerController: HBM brightnessIn =38
03-17 16:16:07.936  1702  1820 I DisplayPowerController: HBM brightnessOut =38
03-17 16:16:07.936  1702  1820 D DisplayPowerController: Animating brightness: target=38, rate=200
03-17 16:16:08.237  1702  1820 I DisplayPowerController: HBM brightnessIn =38
